// Jest Snapshot v1, https://goo.gl/fbAQLP

exports[`math makeLinearPath should get correct path 1`] = `
Array [
  Object {
    "x": 3,
    "y": 3,
  },
  Object {
    "x": 2.2928932188134525,
    "y": 2.292893218813452,
  },
  Object {
    "x": 1.5857864376269049,
    "y": 1.5857864376269046,
  },
  Object {
    "x": 0.8786796564403572,
    "y": 0.8786796564403571,
  },
  Object {
    "x": 0.17157287525380965,
    "y": 0.17157287525380963,
  },
  Object {
    "x": 0,
    "y": 0,
  },
]
`;
